// Jest Snapshot v1, https://goo.gl/fbAQLP

exports[`CclCardBlockEdit renders a CclCardBlockEdit block component 1`] = `
Array [
  <div
    className="ccl-block-editor-header"
  >
    <legend
      aria-hidden="true"
      onClick={[Function]}
    />
  </div>,
  <div
    className="card-line"
  >
    <div
      className="card-image"
    >
      <img
        alt="Placeholder"
        src="ccl-thumbnail-placeholder.jpg"
      />
    </div>
    <div
      className="card-text"
    >
      <div
        className="card-title"
      >
        <a
          href="/"
          onClick={[Function]}
        >
          Card default title
        </a>
      </div>
      <div
        className="card-description"
      >
        example description
      </div>
    </div>
  </div>,
]
`;
